Command line invocation:
    /Applications/Xcode.app/Contents/Developer/usr/bin/xcodebuild -workspace MeuExame.xcworkspace -scheme MeuExame -configuration Debug -destination "platform=iOS Simulator,name=iPhone 16 Pro" build

Resolve Package Graph


Resolved source packages:
  GoogleDataTransport: https://github.com/google/GoogleDataTransport.git @ 10.1.0
  GTMSessionFetcher: https://github.com/google/gtm-session-fetcher.git @ 4.5.0
  GoogleAdsOnDeviceConversion: https://github.com/googleads/google-ads-on-device-conversion-ios-sdk @ 2.3.0
  GoogleAppMeasurement: https://github.com/google/GoogleAppMeasurement.git @ 11.15.0
  leveldb: https://github.com/firebase/leveldb.git @ 1.22.5
  GoogleUtilities: https://github.com/google/GoogleUtilities.git @ 8.1.0
  abseil: https://github.com/google/abseil-cpp-binary.git @ 1.2024072200.0
  Promises: https://github.com/google/promises.git @ 2.4.0
  SwiftProtobuf: https://github.com/apple/swift-protobuf.git @ 1.33.3
  InteropForGoogle: https://github.com/google/interop-ios-for-google-sdks.git @ 101.0.0
  Firebase: https://github.com/firebase/firebase-ios-sdk @ 11.15.0
  nanopb: https://github.com/firebase/nanopb.git @ 2.30910.0
  gRPC: https://github.com/google/grpc-binary.git @ 1.69.1
  AppCheck: https://github.com/google/app-check.git @ 11.2.0

ComputePackagePrebuildTargetDependencyGraph

Prepare packages

CreateBuildRequest

SendProjectDescription

CreateBuildOperation

ComputeTargetDependencyGraph
note: Building targets in dependency order
note: Target dependency graph (60 targets)
    Target 'MeuExame' in project 'MeuExame'
        ➜ Explicit dependency on target 'FirebaseAuth' in project 'Firebase'
        ➜ Explicit dependency on target 'FirebaseFirestore' in project 'Firebase'
        ➜ Explicit dependency on target 'FirebaseStorage' in project 'Firebase'
    Target 'FirebaseStorage' in project 'Firebase'
        ➜ Explicit dependency on target 'FirebaseStorage' in project 'Firebase'
        ➜ Explicit dependency on target 'FirebaseAppCheckInterop' in project 'Firebase'
        ➜ Explicit dependency on target 'FirebaseAuthInterop' in project 'Firebase'
        ➜ Explicit dependency on target 'Firebase' in project 'Firebase'
        ➜ Explicit dependency on target 'FirebaseCoreInternal' in project 'Firebase'
        ➜ Explicit dependency on target 'FirebaseCore' in project 'Firebase'
        ➜ Explicit dependency on target 'FirebaseCoreExtension' in project 'Firebase'
        ➜ Explicit dependency on target 'GULNSData' in project 'GoogleUtilities'
        ➜ Explicit dependency on target 'GULEnvironment' in project 'GoogleUtilities'
        ➜ Explicit dependency on target 'GULLogger' in project 'GoogleUtilities'
        ➜ Explicit dependency on target 'GTMSessionFetcherCore' in project 'GTMSessionFetcher'
    Target 'FirebaseStorage' in project 'Firebase'
        ➜ Explicit dependency on target 'FirebaseAppCheckInterop' in project 'Firebase'
        ➜ Explicit dependency on target 'FirebaseAuthInterop' in project 'Firebase'
        ➜ Explicit dependency on target 'Firebase' in project 'Firebase'
        ➜ Explicit dependency on target 'FirebaseCoreInternal' in project 'Firebase'
        ➜ Explicit dependency on target 'FirebaseCore' in project 'Firebase'
        ➜ Explicit dependency on target 'FirebaseCoreExtension' in project 'Firebase'
        ➜ Explicit dependency on target 'GULNSData' in project 'GoogleUtilities'
        ➜ Explicit dependency on target 'GULEnvironment' in project 'GoogleUtilities'
        ➜ Explicit dependency on target 'GULLogger' in project 'GoogleUtilities'
        ➜ Explicit dependency on target 'GTMSessionFetcherCore' in project 'GTMSessionFetcher'
    Target 'FirebaseFirestore' in project 'Firebase'
        ➜ Explicit dependency on target 'FirebaseFirestoreTarget' in project 'Firebase'
        ➜ Explicit dependency on target 'FirebaseFirestoreInternalWrapper' in project 'Firebase'
        ➜ Explicit dependency on target 'FirebaseAppCheckInterop' in project 'Firebase'
        ➜ Explicit dependency on target 'Firebase' in project 'Firebase'
        ➜ Explicit dependency on target 'FirebaseCoreInternal' in project 'Firebase'
        ➜ Explicit dependency on target 'FirebaseCore' in project 'Firebase'
        ➜ Explicit dependency on target 'FirebaseCoreExtension' in project 'Firebase'
        ➜ Explicit dependency on target 'FirebaseSharedSwift' in project 'Firebase'
        ➜ Explicit dependency on target 'FirebaseFirestore' in project 'Firebase'
        ➜ Explicit dependency on target 'GULNSData' in project 'GoogleUtilities'
        ➜ Explicit dependency on target 'GULEnvironment' in project 'GoogleUtilities'
        ➜ Explicit dependency on target 'GULLogger' in project 'GoogleUtilities'
        ➜ Explicit dependency on target 'abseil' in project 'abseil'
        ➜ Explicit dependency on target 'gRPC-C++' in project 'gRPC'
        ➜ Explicit dependency on target 'nanopb' in project 'nanopb'
        ➜ Explicit dependency on target 'leveldb' in project 'leveldb'
    Target 'FirebaseFirestoreTarget' in project 'Firebase'
        ➜ Explicit dependency on target 'FirebaseFirestoreInternalWrapper' in project 'Firebase'
        ➜ Explicit dependency on target 'FirebaseAppCheckInterop' in project 'Firebase'
        ➜ Explicit dependency on target 'Firebase' in project 'Firebase'
        ➜ Explicit dependency on target 'FirebaseCoreInternal' in project 'Firebase'
        ➜ Explicit dependency on target 'FirebaseCore' in project 'Firebase'
        ➜ Explicit dependency on target 'FirebaseCoreExtension' in project 'Firebase'
        ➜ Explicit dependency on target 'FirebaseSharedSwift' in project 'Firebase'
        ➜ Explicit dependency on target 'FirebaseFirestore' in project 'Firebase'
        ➜ Explicit dependency on target 'GULNSData' in project 'GoogleUtilities'
        ➜ Explicit dependency on target 'GULEnvironment' in project 'GoogleUtilities'
        ➜ Explicit dependency on target 'GULLogger' in project 'GoogleUtilities'
        ➜ Explicit dependency on target 'abseil' in project 'abseil'
        ➜ Explicit dependency on target 'gRPC-C++' in project 'gRPC'
        ➜ Explicit dependency on target 'nanopb' in project 'nanopb'
        ➜ Explicit dependency on target 'leveldb' in project 'leveldb'
    Target 'FirebaseFirestore' in project 'Firebase'
        ➜ Explicit dependency on target 'Firebase_FirebaseFirestore' in project 'Firebase'
        ➜ Explicit dependency on target 'FirebaseFirestoreInternalWrapper' in project 'Firebase'
        ➜ Explicit dependency on target 'FirebaseAppCheckInterop' in project 'Firebase'
        ➜ Explicit dependency on target 'Firebase' in project 'Firebase'
        ➜ Explicit dependency on target 'FirebaseCoreInternal' in project 'Firebase'
        ➜ Explicit dependency on target 'FirebaseCore' in project 'Firebase'
        ➜ Explicit dependency on target 'FirebaseCoreExtension' in project 'Firebase'
        ➜ Explicit dependency on target 'FirebaseSharedSwift' in project 'Firebase'
        ➜ Explicit dependency on target 'GULNSData' in project 'GoogleUtilities'
        ➜ Explicit dependency on target 'GULEnvironment' in project 'GoogleUtilities'
        ➜ Explicit dependency on target 'GULLogger' in project 'GoogleUtilities'
        ➜ Explicit dependency on target 'abseil' in project 'abseil'
        ➜ Explicit dependency on target 'gRPC-C++' in project 'gRPC'
        ➜ Explicit dependency on target 'nanopb' in project 'nanopb'
        ➜ Explicit dependency on target 'leveldb' in project 'leveldb'
    Target 'leveldb' in project 'leveldb'
        ➜ Explicit dependency on target 'leveldb' in project 'leveldb'
        ➜ Explicit dependency on target 'leveldb_leveldb' in project 'leveldb'
    Target 'leveldb' in project 'leveldb'
        ➜ Explicit dependency on target 'leveldb_leveldb' in project 'leveldb'
    Target 'leveldb_leveldb' in project 'leveldb' (no dependencies)
    Target 'nanopb' in project 'nanopb'
        ➜ Explicit dependency on target 'nanopb' in project 'nanopb'
        ➜ Explicit dependency on target 'nanopb_nanopb' in project 'nanopb'
    Target 'nanopb' in project 'nanopb'
        ➜ Explicit dependency on target 'nanopb_nanopb' in project 'nanopb'
    Target 'nanopb_nanopb' in project 'nanopb' (no dependencies)
    Target 'gRPC-C++' in project 'gRPC'
        ➜ Explicit dependency on target 'grpcppWrapper' in project 'gRPC'
        ➜ Explicit dependency on target 'gRPC_grpcppWrapper' in project 'gRPC'
        ➜ Explicit dependency on target 'grpcWrapper' in project 'gRPC'
        ➜ Explicit dependency on target 'opensslWrapper' in project 'gRPC'
        ➜ Explicit dependency on target 'abseil' in project 'abseil'
    Target 'grpcppWrapper' in project 'gRPC'
        ➜ Explicit dependency on target 'gRPC_grpcppWrapper' in project 'gRPC'
        ➜ Explicit dependency on target 'grpcWrapper' in project 'gRPC'
        ➜ Explicit dependency on target 'opensslWrapper' in project 'gRPC'
        ➜ Explicit dependency on target 'abseil' in project 'abseil'
    Target 'opensslWrapper' in project 'gRPC'
        ➜ Explicit dependency on target 'gRPC_opensslWrapper' in project 'gRPC'
    Target 'gRPC_opensslWrapper' in project 'gRPC' (no dependencies)
    Target 'grpcWrapper' in project 'gRPC'
        ➜ Explicit dependency on target 'gRPC_grpcWrapper' in project 'gRPC'
    Target 'gRPC_grpcWrapper' in project 'gRPC' (no dependencies)
    Target 'gRPC_grpcppWrapper' in project 'gRPC' (no dependencies)
    Target 'abseil' in project 'abseil'
        ➜ Explicit dependency on target 'abslWrapper' in project 'abseil'
        ➜ Explicit dependency on target 'abseil_abslWrapper' in project 'abseil'
    Target 'abslWrapper' in project 'abseil'
        ➜ Explicit dependency on target 'abseil_abslWrapper' in project 'abseil'
    Target 'abseil_abslWrapper' in project 'abseil' (no dependencies)
    Target 'Firebase_FirebaseFirestore' in project 'Firebase' (no dependencies)
    Target 'FirebaseSharedSwift' in project 'Firebase' (no dependencies)
    Target 'FirebaseFirestoreInternalWrapper' in project 'Firebase' (no dependencies)
    Target 'FirebaseAuth' in project 'Firebase'
        ➜ Explicit dependency on target 'FirebaseAuth' in project 'Firebase'
        ➜ Explicit dependency on target 'Firebase_FirebaseAuth' in project 'Firebase'
        ➜ Explicit dependency on target 'FirebaseAppCheckInterop' in project 'Firebase'
        ➜ Explicit dependency on target 'FirebaseAuthInterop' in project 'Firebase'
        ➜ Explicit dependency on target 'FirebaseAuthInternal' in project 'Firebase'
        ➜ Explicit dependency on target 'Firebase' in project 'Firebase'
        ➜ Explicit dependency on target 'FirebaseCoreInternal' in project 'Firebase'
        ➜ Explicit dependency on target 'FirebaseCore' in project 'Firebase'
        ➜ Explicit dependency on target 'FirebaseCoreExtension' in project 'Firebase'
        ➜ Explicit dependency on target 'RecaptchaInterop' in project 'InteropForGoogle'
        ➜ Explicit dependency on target 'GULNSData' in project 'GoogleUtilities'
        ➜ Explicit dependency on target 'GULEnvironment' in project 'GoogleUtilities'
        ➜ Explicit dependency on target 'GULLogger' in project 'GoogleUtilities'
        ➜ Explicit dependency on target 'GULAppDelegateSwizzler' in project 'GoogleUtilities'
        ➜ Explicit dependency on target 'GTMSessionFetcherCore' in project 'GTMSessionFetcher'
    Target 'FirebaseAuth' in project 'Firebase'
        ➜ Explicit dependency on target 'Firebase_FirebaseAuth' in project 'Firebase'
        ➜ Explicit dependency on target 'FirebaseAppCheckInterop' in project 'Firebase'
        ➜ Explicit dependency on target 'FirebaseAuthInterop' in project 'Firebase'
        ➜ Explicit dependency on target 'FirebaseAuthInternal' in project 'Firebase'
        ➜ Explicit dependency on target 'Firebase' in project 'Firebase'
        ➜ Explicit dependency on target 'FirebaseCoreInternal' in project 'Firebase'
        ➜ Explicit dependency on target 'FirebaseCore' in project 'Firebase'
        ➜ Explicit dependency on target 'FirebaseCoreExtension' in project 'Firebase'
        ➜ Explicit dependency on target 'RecaptchaInterop' in project 'InteropForGoogle'
        ➜ Explicit dependency on target 'GULNSData' in project 'GoogleUtilities'
        ➜ Explicit dependency on target 'GULEnvironment' in project 'GoogleUtilities'
        ➜ Explicit dependency on target 'GULLogger' in project 'GoogleUtilities'
        ➜ Explicit dependency on target 'GULAppDelegateSwizzler' in project 'GoogleUtilities'
        ➜ Explicit dependency on target 'GTMSessionFetcherCore' in project 'GTMSessionFetcher'
    Target 'GTMSessionFetcherCore' in project 'GTMSessionFetcher'
        ➜ Explicit dependency on target 'GTMSessionFetcherCore' in project 'GTMSessionFetcher'
        ➜ Explicit dependency on target 'GTMSessionFetcher_GTMSessionFetcherCore' in project 'GTMSessionFetcher'
    Target 'GTMSessionFetcherCore' in project 'GTMSessionFetcher'
        ➜ Explicit dependency on target 'GTMSessionFetcher_GTMSessionFetcherCore' in project 'GTMSessionFetcher'
    Target 'GTMSessionFetcher_GTMSessionFetcherCore' in project 'GTMSessionFetcher' (no dependencies)
    Target 'GULAppDelegateSwizzler' in project 'GoogleUtilities'
        ➜ Explicit dependency on target 'GoogleUtilities-AppDelegateSwizzler' in project 'GoogleUtilities'
        ➜ Explicit dependency on target 'GoogleUtilities_GoogleUtilities-AppDelegateSwizzler' in project 'GoogleUtilities'
        ➜ Explicit dependency on target 'third-party-IsAppEncrypted' in project 'GoogleUtilities'
        ➜ Explicit dependency on target 'GoogleUtilities-Environment' in project 'GoogleUtilities'
        ➜ Explicit dependency on target 'GoogleUtilities-Logger' in project 'GoogleUtilities'
        ➜ Explicit dependency on target 'GoogleUtilities-NSData' in project 'GoogleUtilities'
        ➜ Explicit dependency on target 'GoogleUtilities-Reachability' in project 'GoogleUtilities'
        ➜ Explicit dependency on target 'GoogleUtilities-Network' in project 'GoogleUtilities'
    Target 'GoogleUtilities-AppDelegateSwizzler' in project 'GoogleUtilities'
        ➜ Explicit dependency on target 'GoogleUtilities_GoogleUtilities-AppDelegateSwizzler' in project 'GoogleUtilities'
        ➜ Explicit dependency on target 'third-party-IsAppEncrypted' in project 'GoogleUtilities'
        ➜ Explicit dependency on target 'GoogleUtilities-Environment' in project 'GoogleUtilities'
        ➜ Explicit dependency on target 'GoogleUtilities-Logger' in project 'GoogleUtilities'
        ➜ Explicit dependency on target 'GoogleUtilities-NSData' in project 'GoogleUtilities'
        ➜ Explicit dependency on target 'GoogleUtilities-Reachability' in project 'GoogleUtilities'
        ➜ Explicit dependency on target 'GoogleUtilities-Network' in project 'GoogleUtilities'
    Target 'GoogleUtilities-Network' in project 'GoogleUtilities'
        ➜ Explicit dependency on target 'GoogleUtilities_GoogleUtilities-Network' in project 'GoogleUtilities'
        ➜ Explicit dependency on target 'third-party-IsAppEncrypted' in project 'GoogleUtilities'
        ➜ Explicit dependency on target 'GoogleUtilities-Environment' in project 'GoogleUtilities'
        ➜ Explicit dependency on target 'GoogleUtilities-Logger' in project 'GoogleUtilities'
        ➜ Explicit dependency on target 'GoogleUtilities-NSData' in project 'GoogleUtilities'
        ➜ Explicit dependency on target 'GoogleUtilities-Reachability' in project 'GoogleUtilities'
    Target 'GoogleUtilities_GoogleUtilities-Network' in project 'GoogleUtilities' (no dependencies)
    Target 'GoogleUtilities-Reachability' in project 'GoogleUtilities'
        ➜ Explicit dependency on target 'GoogleUtilities_GoogleUtilities-Reachability' in project 'GoogleUtilities'
        ➜ Explicit dependency on target 'third-party-IsAppEncrypted' in project 'GoogleUtilities'
        ➜ Explicit dependency on target 'GoogleUtilities-Environment' in project 'GoogleUtilities'
        ➜ Explicit dependency on target 'GoogleUtilities-Logger' in project 'GoogleUtilities'
    Target 'GoogleUtilities_GoogleUtilities-Reachability' in project 'GoogleUtilities' (no dependencies)
    Target 'GoogleUtilities_GoogleUtilities-AppDelegateSwizzler' in project 'GoogleUtilities' (no dependencies)
    Target 'FirebaseCoreExtension' in project 'Firebase'
        ➜ Explicit dependency on target 'Firebase_FirebaseCoreExtension' in project 'Firebase'
    Target 'Firebase_FirebaseCoreExtension' in project 'Firebase' (no dependencies)
    Target 'FirebaseCore' in project 'Firebase'
        ➜ Explicit dependency on target 'Firebase_FirebaseCore' in project 'Firebase'
        ➜ Explicit dependency on target 'Firebase' in project 'Firebase'
        ➜ Explicit dependency on target 'FirebaseCoreInternal' in project 'Firebase'
        ➜ Explicit dependency on target 'GULNSData' in project 'GoogleUtilities'
        ➜ Explicit dependency on target 'GULEnvironment' in project 'GoogleUtilities'
        ➜ Explicit dependency on target 'GULLogger' in project 'GoogleUtilities'
    Target 'GULLogger' in project 'GoogleUtilities'
        ➜ Explicit dependency on target 'GoogleUtilities-Logger' in project 'GoogleUtilities'
        ➜ Explicit dependency on target 'GoogleUtilities_GoogleUtilities-Logger' in project 'GoogleUtilities'
        ➜ Explicit dependency on target 'third-party-IsAppEncrypted' in project 'GoogleUtilities'
        ➜ Explicit dependency on target 'GoogleUtilities-Environment' in project 'GoogleUtilities'
    Target 'GoogleUtilities-Logger' in project 'GoogleUtilities'
        ➜ Explicit dependency on target 'GoogleUtilities_GoogleUtilities-Logger' in project 'GoogleUtilities'
        ➜ Explicit dependency on target 'third-party-IsAppEncrypted' in project 'GoogleUtilities'
        ➜ Explicit dependency on target 'GoogleUtilities-Environment' in project 'GoogleUtilities'
    Target 'GoogleUtilities_GoogleUtilities-Logger' in project 'GoogleUtilities' (no dependencies)
    Target 'GULEnvironment' in project 'GoogleUtilities'
        ➜ Explicit dependency on target 'GoogleUtilities-Environment' in project 'GoogleUtilities'
        ➜ Explicit dependency on target 'GoogleUtilities_GoogleUtilities-Environment' in project 'GoogleUtilities'
        ➜ Explicit dependency on target 'third-party-IsAppEncrypted' in project 'GoogleUtilities'
    Target 'GoogleUtilities-Environment' in project 'GoogleUtilities'
        ➜ Explicit dependency on target 'GoogleUtilities_GoogleUtilities-Environment' in project 'GoogleUtilities'
        ➜ Explicit dependency on target 'third-party-IsAppEncrypted' in project 'GoogleUtilities'
    Target 'third-party-IsAppEncrypted' in project 'GoogleUtilities' (no dependencies)
    Target 'GoogleUtilities_GoogleUtilities-Environment' in project 'GoogleUtilities' (no dependencies)
    Target 'Firebase_FirebaseCore' in project 'Firebase' (no dependencies)
    Target 'FirebaseCoreInternal' in project 'Firebase'
        ➜ Explicit dependency on target 'Firebase_FirebaseCoreInternal' in project 'Firebase'
        ➜ Explicit dependency on target 'GULNSData' in project 'GoogleUtilities'
    Target 'GULNSData' in project 'GoogleUtilities'
        ➜ Explicit dependency on target 'GoogleUtilities-NSData' in project 'GoogleUtilities'
        ➜ Explicit dependency on target 'GoogleUtilities_GoogleUtilities-NSData' in project 'GoogleUtilities'
    Target 'GoogleUtilities-NSData' in project 'GoogleUtilities'
        ➜ Explicit dependency on target 'GoogleUtilities_GoogleUtilities-NSData' in project 'GoogleUtilities'
    Target 'GoogleUtilities_GoogleUtilities-NSData' in project 'GoogleUtilities' (no dependencies)
    Target 'Firebase_FirebaseCoreInternal' in project 'Firebase' (no dependencies)
    Target 'Firebase' in project 'Firebase' (no dependencies)
    Target 'FirebaseAuthInternal' in project 'Firebase'
        ➜ Explicit dependency on target 'RecaptchaInterop' in project 'InteropForGoogle'
    Target 'RecaptchaInterop' in project 'InteropForGoogle'
        ➜ Explicit dependency on target 'RecaptchaInterop' in project 'InteropForGoogle'
    Target 'RecaptchaInterop' in project 'InteropForGoogle' (no dependencies)
    Target 'FirebaseAuthInterop' in project 'Firebase' (no dependencies)
    Target 'FirebaseAppCheckInterop' in project 'Firebase' (no dependencies)
    Target 'Firebase_FirebaseAuth' in project 'Firebase' (no dependencies)

GatherProvisioningInputs

CreateBuildDescription

ClangStatCache /Applications/Xcode.app/Contents/Developer/Toolchains/XcodeDefault.xctoolchain/usr/bin/clang-stat-cache /Applications/Xcode.app/Contents/Developer/Platforms/iPhoneSimulator.platform/Developer/SDKs/iPhoneSimulator18.5.sdk /Users/tbdbatista/Library/Developer/Xcode/DerivedData/SDKStatCaches.noindex/iphonesimulator18.5-22F76-d5fc8ad4295d2ef488fb7d0f804ce0c4.sdkstatcache
    cd /Users/tbdbatista/repositories/projetos-pucpr/meu-exame
    /Applications/Xcode.app/Contents/Developer/Toolchains/XcodeDefault.xctoolchain/usr/bin/clang-stat-cache /Applications/Xcode.app/Contents/Developer/Platforms/iPhoneSimulator.platform/Developer/SDKs/iPhoneSimulator18.5.sdk -o /Users/tbdbatista/Library/Developer/Xcode/DerivedData/SDKStatCaches.noindex/iphonesimulator18.5-22F76-d5fc8ad4295d2ef488fb7d0f804ce0c4.sdkstatcache

ProcessProductPackaging "" /Users/tbdbatista/Library/Developer/Xcode/DerivedData/MeuExame-cfynohnsikcwggachnegwilppmaj/Build/Intermediates.noindex/MeuExame.build/Debug-iphonesimulator/MeuExame.build/MeuExame.app-Simulated.xcent (in target 'MeuExame' from project 'MeuExame')
    cd /Users/tbdbatista/repositories/projetos-pucpr/meu-exame
    
    Entitlements:
    
    {
    "application-identifier" = "8F6WF79QK8.com.meuexame.app";
}
    
    builtin-productPackagingUtility -entitlements -format xml -o /Users/tbdbatista/Library/Developer/Xcode/DerivedData/MeuExame-cfynohnsikcwggachnegwilppmaj/Build/Intermediates.noindex/MeuExame.build/Debug-iphonesimulator/MeuExame.build/MeuExame.app-Simulated.xcent

ProcessProductPackagingDER /Users/tbdbatista/Library/Developer/Xcode/DerivedData/MeuExame-cfynohnsikcwggachnegwilppmaj/Build/Intermediates.noindex/MeuExame.build/Debug-iphonesimulator/MeuExame.build/MeuExame.app-Simulated.xcent /Users/tbdbatista/Library/Developer/Xcode/DerivedData/MeuExame-cfynohnsikcwggachnegwilppmaj/Build/Intermediates.noindex/MeuExame.build/Debug-iphonesimulator/MeuExame.build/MeuExame.app-Simulated.xcent.der (in target 'MeuExame' from project 'MeuExame')
    cd /Users/tbdbatista/repositories/projetos-pucpr/meu-exame
    /usr/bin/derq query -f xml -i /Users/tbdbatista/Library/Developer/Xcode/DerivedData/MeuExame-cfynohnsikcwggachnegwilppmaj/Build/Intermediates.noindex/MeuExame.build/Debug-iphonesimulator/MeuExame.build/MeuExame.app-Simulated.xcent -o /Users/tbdbatista/Library/Developer/Xcode/DerivedData/MeuExame-cfynohnsikcwggachnegwilppmaj/Build/Intermediates.noindex/MeuExame.build/Debug-iphonesimulator/MeuExame.build/MeuExame.app-Simulated.xcent.der --raw

Ld /Users/tbdbatista/Library/Developer/Xcode/DerivedData/MeuExame-cfynohnsikcwggachnegwilppmaj/Build/Products/Debug-iphonesimulator/MeuExame.app/MeuExame.debug.dylib normal (in target 'MeuExame' from project 'MeuExame')
    cd /Users/tbdbatista/repositories/projetos-pucpr/meu-exame
    /Applications/Xcode.app/Contents/Developer/Toolchains/XcodeDefault.xctoolchain/usr/bin/clang -Xlinker -reproducible -target arm64-apple-ios15.0-simulator -dynamiclib -isysroot /Applications/Xcode.app/Contents/Developer/Platforms/iPhoneSimulator.platform/Developer/SDKs/iPhoneSimulator18.5.sdk -O0 -L/Users/tbdbatista/Library/Developer/Xcode/DerivedData/MeuExame-cfynohnsikcwggachnegwilppmaj/Build/Intermediates.noindex/EagerLinkingTBDs/Debug-iphonesimulator -L/Users/tbdbatista/Library/Developer/Xcode/DerivedData/MeuExame-cfynohnsikcwggachnegwilppmaj/Build/Products/Debug-iphonesimulator -F/Users/tbdbatista/Library/Developer/Xcode/DerivedData/MeuExame-cfynohnsikcwggachnegwilppmaj/Build/Intermediates.noindex/EagerLinkingTBDs/Debug-iphonesimulator -F/Users/tbdbatista/Library/Developer/Xcode/DerivedData/MeuExame-cfynohnsikcwggachnegwilppmaj/Build/Products/Debug-iphonesimulator/PackageFrameworks -F/Users/tbdbatista/Library/Developer/Xcode/DerivedData/MeuExame-cfynohnsikcwggachnegwilppmaj/Build/Products/Debug-iphonesimulator/PackageFrameworks -F/Users/tbdbatista/Library/Developer/Xcode/DerivedData/MeuExame-cfynohnsikcwggachnegwilppmaj/Build/Products/Debug-iphonesimulator/PackageFrameworks -F/Users/tbdbatista/Library/Developer/Xcode/DerivedData/MeuExame-cfynohnsikcwggachnegwilppmaj/Build/Products/Debug-iphonesimulator/PackageFrameworks -F/Users/tbdbatista/Library/Developer/Xcode/DerivedData/MeuExame-cfynohnsikcwggachnegwilppmaj/Build/Products/Debug-iphonesimulator/PackageFrameworks -F/Users/tbdbatista/Library/Developer/Xcode/DerivedData/MeuExame-cfynohnsikcwggachnegwilppmaj/Build/Products/Debug-iphonesimulator/PackageFrameworks -F/Users/tbdbatista/Library/Developer/Xcode/DerivedData/MeuExame-cfynohnsikcwggachnegwilppmaj/Build/Products/Debug-iphonesimulator/PackageFrameworks -F/Users/tbdbatista/Library/Developer/Xcode/DerivedData/MeuExame-cfynohnsikcwggachnegwilppmaj/Build/Products/Debug-iphonesimulator/PackageFrameworks -F/Users/tbdbatista/Library/Developer/Xcode/DerivedData/MeuExame-cfynohnsikcwggachnegwilppmaj/Build/Products/Debug-iphonesimulator/PackageFrameworks -F/Users/tbdbatista/Library/Developer/Xcode/DerivedData/MeuExame-cfynohnsikcwggachnegwilppmaj/Build/Products/Debug-iphonesimulator/PackageFrameworks -F/Users/tbdbatista/Library/Developer/Xcode/DerivedData/MeuExame-cfynohnsikcwggachnegwilppmaj/Build/Products/Debug-iphonesimulator/PackageFrameworks -F/Users/tbdbatista/Library/Developer/Xcode/DerivedData/MeuExame-cfynohnsikcwggachnegwilppmaj/Build/Products/Debug-iphonesimulator/PackageFrameworks -F/Users/tbdbatista/Library/Developer/Xcode/DerivedData/MeuExame-cfynohnsikcwggachnegwilppmaj/Build/Products/Debug-iphonesimulator/PackageFrameworks -F/Users/tbdbatista/Library/Developer/Xcode/DerivedData/MeuExame-cfynohnsikcwggachnegwilppmaj/Build/Products/Debug-iphonesimulator/PackageFrameworks -F/Users/tbdbatista/Library/Developer/Xcode/DerivedData/MeuExame-cfynohnsikcwggachnegwilppmaj/Build/Products/Debug-iphonesimulator/PackageFrameworks -F/Users/tbdbatista/Library/Developer/Xcode/DerivedData/MeuExame-cfynohnsikcwggachnegwilppmaj/Build/Products/Debug-iphonesimulator/PackageFrameworks -F/Users/tbdbatista/Library/Developer/Xcode/DerivedData/MeuExame-cfynohnsikcwggachnegwilppmaj/Build/Products/Debug-iphonesimulator/PackageFrameworks -F/Users/tbdbatista/Library/Developer/Xcode/DerivedData/MeuExame-cfynohnsikcwggachnegwilppmaj/Build/Products/Debug-iphonesimulator/PackageFrameworks -F/Users/tbdbatista/Library/Developer/Xcode/DerivedData/MeuExame-cfynohnsikcwggachnegwilppmaj/Build/Products/Debug-iphonesimulator/PackageFrameworks -F/Users/tbdbatista/Library/Developer/Xcode/DerivedData/MeuExame-cfynohnsikcwggachnegwilppmaj/Build/Products/Debug-iphonesimulator/PackageFrameworks -F/Users/tbdbatista/Library/Developer/Xcode/DerivedData/MeuExame-cfynohnsikcwggachnegwilppmaj/Build/Products/Debug-iphonesimulator/PackageFrameworks -F/Users/tbdbatista/Library/Developer/Xcode/DerivedData/MeuExame-cfynohnsikcwggachnegwilppmaj/Build/Products/Debug-iphonesimulator/PackageFrameworks -F/Users/tbdbatista/Library/Developer/Xcode/DerivedData/MeuExame-cfynohnsikcwggachnegwilppmaj/Build/Products/Debug-iphonesimulator/PackageFrameworks -F/Users/tbdbatista/Library/Developer/Xcode/DerivedData/MeuExame-cfynohnsikcwggachnegwilppmaj/Build/Products/Debug-iphonesimulator/PackageFrameworks -F/Users/tbdbatista/Library/Developer/Xcode/DerivedData/MeuExame-cfynohnsikcwggachnegwilppmaj/Build/Products/Debug-iphonesimulator/PackageFrameworks -F/Users/tbdbatista/Library/Developer/Xcode/DerivedData/MeuExame-cfynohnsikcwggachnegwilppmaj/Build/Products/Debug-iphonesimulator/PackageFrameworks -F/Users/tbdbatista/Library/Developer/Xcode/DerivedData/MeuExame-cfynohnsikcwggachnegwilppmaj/Build/Products/Debug-iphonesimulator/PackageFrameworks -F/Users/tbdbatista/Library/Developer/Xcode/DerivedData/MeuExame-cfynohnsikcwggachnegwilppmaj/Build/Products/Debug-iphonesimulator/PackageFrameworks -F/Users/tbdbatista/Library/Developer/Xcode/DerivedData/MeuExame-cfynohnsikcwggachnegwilppmaj/Build/Products/Debug-iphonesimulator -filelist /Users/tbdbatista/Library/Developer/Xcode/DerivedData/MeuExame-cfynohnsikcwggachnegwilppmaj/Build/Intermediates.noindex/MeuExame.build/Debug-iphonesimulator/MeuExame.build/Objects-normal/arm64/MeuExame.LinkFileList -install_name @rpath/MeuExame.debug.dylib -Xlinker -rpath -Xlinker /Users/tbdbatista/Library/Developer/Xcode/DerivedData/MeuExame-cfynohnsikcwggachnegwilppmaj/Build/Products/Debug-iphonesimulator/PackageFrameworks -Xlinker -rpath -Xlinker @executable_path/Frameworks -dead_strip -Xlinker -object_path_lto -Xlinker /Users/tbdbatista/Library/Developer/Xcode/DerivedData/MeuExame-cfynohnsikcwggachnegwilppmaj/Build/Intermediates.noindex/MeuExame.build/Debug-iphonesimulator/MeuExame.build/Objects-normal/arm64/MeuExame_lto.o -rdynamic -Xlinker -no_deduplicate -Xlinker -objc_abi_version -Xlinker 2 -Xlinker -dependency_info -Xlinker /Users/tbdbatista/Library/Developer/Xcode/DerivedData/MeuExame-cfynohnsikcwggachnegwilppmaj/Build/Intermediates.noindex/MeuExame.build/Debug-iphonesimulator/MeuExame.build/Objects-normal/arm64/MeuExame_dependency_info.dat -fobjc-link-runtime -L/Applications/Xcode.app/Contents/Developer/Toolchains/XcodeDefault.xctoolchain/usr/lib/swift/iphonesimulator -L/usr/lib/swift -Xlinker -add_ast_path -Xlinker /Users/tbdbatista/Library/Developer/Xcode/DerivedData/MeuExame-cfynohnsikcwggachnegwilppmaj/Build/Intermediates.noindex/MeuExame.build/Debug-iphonesimulator/MeuExame.build/Objects-normal/arm64/MeuExame.swiftmodule -Wl,-no_warn_duplicate_libraries -Wl,-no_warn_duplicate_libraries -Wl,-no_warn_duplicate_libraries -Wl,-no_warn_duplicate_libraries -Wl,-no_warn_duplicate_libraries -Wl,-no_warn_duplicate_libraries -Wl,-no_warn_duplicate_libraries -Wl,-no_warn_duplicate_libraries -Wl,-no_warn_duplicate_libraries -Wl,-no_warn_duplicate_libraries -Wl,-no_warn_duplicate_libraries -lc++ -Wl,-no_warn_duplicate_libraries -Wl,-no_warn_duplicate_libraries -Wl,-no_warn_duplicate_libraries -Wl,-no_warn_duplicate_libraries -Wl,-no_warn_duplicate_libraries -Wl,-no_warn_duplicate_libraries -Wl,-no_warn_duplicate_libraries -Wl,-no_warn_duplicate_libraries -Wl,-no_warn_duplicate_libraries -Wl,-no_warn_duplicate_libraries -Wl,-no_warn_duplicate_libraries -Wl,-no_warn_duplicate_libraries -Wl,-no_warn_duplicate_libraries -Wl,-no_warn_duplicate_libraries -Wl,-no_warn_duplicate_libraries -Wl,-no_warn_duplicate_libraries -Wl,-no_warn_duplicate_libraries -framework UIKit -lz -lc++ -framework SystemConfiguration -framework UIKit -framework Security -framework SafariServices -Xlinker -alias -Xlinker _main -Xlinker ___debug_main_executable_dylib_entry_point -framework FirebaseFirestoreInternal -framework absl -framework grpcpp -framework grpc -framework openssl_grpc -Xlinker -no_adhoc_codesign -o /Users/tbdbatista/Library/Developer/Xcode/DerivedData/MeuExame-cfynohnsikcwggachnegwilppmaj/Build/Products/Debug-iphonesimulator/MeuExame.app/MeuExame.debug.dylib -Xlinker -add_ast_path -Xlinker /Users/tbdbatista/Library/Developer/Xcode/DerivedData/MeuExame-cfynohnsikcwggachnegwilppmaj/Build/Intermediates.noindex/Firebase.build/Debug-iphonesimulator/FirebaseAuth.build/Objects-normal/arm64/FirebaseAuth.swiftmodule -Xlinker -add_ast_path -Xlinker /Users/tbdbatista/Library/Developer/Xcode/DerivedData/MeuExame-cfynohnsikcwggachnegwilppmaj/Build/Intermediates.noindex/Firebase.build/Debug-iphonesimulator/FirebaseCoreInternal.build/Objects-normal/arm64/FirebaseCoreInternal.swiftmodule -Xlinker -add_ast_path -Xlinker /Users/tbdbatista/Library/Developer/Xcode/DerivedData/MeuExame-cfynohnsikcwggachnegwilppmaj/Build/Intermediates.noindex/Firebase.build/Debug-iphonesimulator/FirebaseSharedSwift.build/Objects-normal/arm64/FirebaseSharedSwift.swiftmodule -Xlinker -add_ast_path -Xlinker /Users/tbdbatista/Library/Developer/Xcode/DerivedData/MeuExame-cfynohnsikcwggachnegwilppmaj/Build/Intermediates.noindex/Firebase.build/Debug-iphonesimulator/FirebaseFirestore.build/Objects-normal/arm64/FirebaseFirestore.swiftmodule -Xlinker -add_ast_path -Xlinker /Users/tbdbatista/Library/Developer/Xcode/DerivedData/MeuExame-cfynohnsikcwggachnegwilppmaj/Build/Intermediates.noindex/Firebase.build/Debug-iphonesimulator/FirebaseStorage.build/Objects-normal/arm64/FirebaseStorage.swiftmodule

ConstructStubExecutorLinkFileList /Users/tbdbatista/Library/Developer/Xcode/DerivedData/MeuExame-cfynohnsikcwggachnegwilppmaj/Build/Intermediates.noindex/MeuExame.build/Debug-iphonesimulator/MeuExame.build/MeuExame-ExecutorLinkFileList-normal-arm64.txt (in target 'MeuExame' from project 'MeuExame')
    cd /Users/tbdbatista/repositories/projetos-pucpr/meu-exame
    construct-stub-executor-link-file-list /Users/tbdbatista/Library/Developer/Xcode/DerivedData/MeuExame-cfynohnsikcwggachnegwilppmaj/Build/Products/Debug-iphonesimulator/MeuExame.app/MeuExame.debug.dylib /Applications/Xcode.app/Contents/Developer/Platforms/iPhoneSimulator.platform/Developer/usr/lib/libPreviewsJITStubExecutor_no_swift_entry_point.a /Applications/Xcode.app/Contents/Developer/Platforms/iPhoneSimulator.platform/Developer/usr/lib/libPreviewsJITStubExecutor.a --output /Users/tbdbatista/Library/Developer/Xcode/DerivedData/MeuExame-cfynohnsikcwggachnegwilppmaj/Build/Intermediates.noindex/MeuExame.build/Debug-iphonesimulator/MeuExame.build/MeuExame-ExecutorLinkFileList-normal-arm64.txt
note: Using stub executor library with Swift entry point. (in target 'MeuExame' from project 'MeuExame')

Ld /Users/tbdbatista/Library/Developer/Xcode/DerivedData/MeuExame-cfynohnsikcwggachnegwilppmaj/Build/Products/Debug-iphonesimulator/MeuExame.app/MeuExame normal (in target 'MeuExame' from project 'MeuExame')
    cd /Users/tbdbatista/repositories/projetos-pucpr/meu-exame
    /Applications/Xcode.app/Contents/Developer/Toolchains/XcodeDefault.xctoolchain/usr/bin/clang -Xlinker -reproducible -target arm64-apple-ios15.0-simulator -isysroot /Applications/Xcode.app/Contents/Developer/Platforms/iPhoneSimulator.platform/Developer/SDKs/iPhoneSimulator18.5.sdk -O0 -L/Users/tbdbatista/Library/Developer/Xcode/DerivedData/MeuExame-cfynohnsikcwggachnegwilppmaj/Build/Products/Debug-iphonesimulator -F/Users/tbdbatista/Library/Developer/Xcode/DerivedData/MeuExame-cfynohnsikcwggachnegwilppmaj/Build/Products/Debug-iphonesimulator/PackageFrameworks -F/Users/tbdbatista/Library/Developer/Xcode/DerivedData/MeuExame-cfynohnsikcwggachnegwilppmaj/Build/Products/Debug-iphonesimulator/PackageFrameworks -F/Users/tbdbatista/Library/Developer/Xcode/DerivedData/MeuExame-cfynohnsikcwggachnegwilppmaj/Build/Products/Debug-iphonesimulator/PackageFrameworks -F/Users/tbdbatista/Library/Developer/Xcode/DerivedData/MeuExame-cfynohnsikcwggachnegwilppmaj/Build/Products/Debug-iphonesimulator/PackageFrameworks -F/Users/tbdbatista/Library/Developer/Xcode/DerivedData/MeuExame-cfynohnsikcwggachnegwilppmaj/Build/Products/Debug-iphonesimulator/PackageFrameworks -F/Users/tbdbatista/Library/Developer/Xcode/DerivedData/MeuExame-cfynohnsikcwggachnegwilppmaj/Build/Products/Debug-iphonesimulator/PackageFrameworks -F/Users/tbdbatista/Library/Developer/Xcode/DerivedData/MeuExame-cfynohnsikcwggachnegwilppmaj/Build/Products/Debug-iphonesimulator/PackageFrameworks -F/Users/tbdbatista/Library/Developer/Xcode/DerivedData/MeuExame-cfynohnsikcwggachnegwilppmaj/Build/Products/Debug-iphonesimulator/PackageFrameworks -F/Users/tbdbatista/Library/Developer/Xcode/DerivedData/MeuExame-cfynohnsikcwggachnegwilppmaj/Build/Products/Debug-iphonesimulator/PackageFrameworks -F/Users/tbdbatista/Library/Developer/Xcode/DerivedData/MeuExame-cfynohnsikcwggachnegwilppmaj/Build/Products/Debug-iphonesimulator/PackageFrameworks -F/Users/tbdbatista/Library/Developer/Xcode/DerivedData/MeuExame-cfynohnsikcwggachnegwilppmaj/Build/Products/Debug-iphonesimulator/PackageFrameworks -F/Users/tbdbatista/Library/Developer/Xcode/DerivedData/MeuExame-cfynohnsikcwggachnegwilppmaj/Build/Products/Debug-iphonesimulator/PackageFrameworks -F/Users/tbdbatista/Library/Developer/Xcode/DerivedData/MeuExame-cfynohnsikcwggachnegwilppmaj/Build/Products/Debug-iphonesimulator/PackageFrameworks -F/Users/tbdbatista/Library/Developer/Xcode/DerivedData/MeuExame-cfynohnsikcwggachnegwilppmaj/Build/Products/Debug-iphonesimulator/PackageFrameworks -F/Users/tbdbatista/Library/Developer/Xcode/DerivedData/MeuExame-cfynohnsikcwggachnegwilppmaj/Build/Products/Debug-iphonesimulator/PackageFrameworks -F/Users/tbdbatista/Library/Developer/Xcode/DerivedData/MeuExame-cfynohnsikcwggachnegwilppmaj/Build/Products/Debug-iphonesimulator/PackageFrameworks -F/Users/tbdbatista/Library/Developer/Xcode/DerivedData/MeuExame-cfynohnsikcwggachnegwilppmaj/Build/Products/Debug-iphonesimulator/PackageFrameworks -F/Users/tbdbatista/Library/Developer/Xcode/DerivedData/MeuExame-cfynohnsikcwggachnegwilppmaj/Build/Products/Debug-iphonesimulator/PackageFrameworks -F/Users/tbdbatista/Library/Developer/Xcode/DerivedData/MeuExame-cfynohnsikcwggachnegwilppmaj/Build/Products/Debug-iphonesimulator/PackageFrameworks -F/Users/tbdbatista/Library/Developer/Xcode/DerivedData/MeuExame-cfynohnsikcwggachnegwilppmaj/Build/Products/Debug-iphonesimulator/PackageFrameworks -F/Users/tbdbatista/Library/Developer/Xcode/DerivedData/MeuExame-cfynohnsikcwggachnegwilppmaj/Build/Products/Debug-iphonesimulator/PackageFrameworks -F/Users/tbdbatista/Library/Developer/Xcode/DerivedData/MeuExame-cfynohnsikcwggachnegwilppmaj/Build/Products/Debug-iphonesimulator/PackageFrameworks -F/Users/tbdbatista/Library/Developer/Xcode/DerivedData/MeuExame-cfynohnsikcwggachnegwilppmaj/Build/Products/Debug-iphonesimulator/PackageFrameworks -F/Users/tbdbatista/Library/Developer/Xcode/DerivedData/MeuExame-cfynohnsikcwggachnegwilppmaj/Build/Products/Debug-iphonesimulator/PackageFrameworks -F/Users/tbdbatista/Library/Developer/Xcode/DerivedData/MeuExame-cfynohnsikcwggachnegwilppmaj/Build/Products/Debug-iphonesimulator/PackageFrameworks -F/Users/tbdbatista/Library/Developer/Xcode/DerivedData/MeuExame-cfynohnsikcwggachnegwilppmaj/Build/Products/Debug-iphonesimulator/PackageFrameworks -F/Users/tbdbatista/Library/Developer/Xcode/DerivedData/MeuExame-cfynohnsikcwggachnegwilppmaj/Build/Products/Debug-iphonesimulator/PackageFrameworks -F/Users/tbdbatista/Library/Developer/Xcode/DerivedData/MeuExame-cfynohnsikcwggachnegwilppmaj/Build/Products/Debug-iphonesimulator/PackageFrameworks -F/Users/tbdbatista/Library/Developer/Xcode/DerivedData/MeuExame-cfynohnsikcwggachnegwilppmaj/Build/Products/Debug-iphonesimulator -Xlinker -rpath -Xlinker @executable_path -Xlinker -rpath -Xlinker /Users/tbdbatista/Library/Developer/Xcode/DerivedData/MeuExame-cfynohnsikcwggachnegwilppmaj/Build/Products/Debug-iphonesimulator/PackageFrameworks -Xlinker -rpath -Xlinker @executable_path/Frameworks -rdynamic -Xlinker -no_deduplicate -Xlinker -objc_abi_version -Xlinker 2 -e ___debug_blank_executor_main -Xlinker -sectcreate -Xlinker __TEXT -Xlinker __debug_dylib -Xlinker /Users/tbdbatista/Library/Developer/Xcode/DerivedData/MeuExame-cfynohnsikcwggachnegwilppmaj/Build/Intermediates.noindex/MeuExame.build/Debug-iphonesimulator/MeuExame.build/MeuExame-DebugDylibPath-normal-arm64.txt -Xlinker -sectcreate -Xlinker __TEXT -Xlinker __debug_instlnm -Xlinker /Users/tbdbatista/Library/Developer/Xcode/DerivedData/MeuExame-cfynohnsikcwggachnegwilppmaj/Build/Intermediates.noindex/MeuExame.build/Debug-iphonesimulator/MeuExame.build/MeuExame-DebugDylibInstallName-normal-arm64.txt -Xlinker -filelist -Xlinker /Users/tbdbatista/Library/Developer/Xcode/DerivedData/MeuExame-cfynohnsikcwggachnegwilppmaj/Build/Intermediates.noindex/MeuExame.build/Debug-iphonesimulator/MeuExame.build/MeuExame-ExecutorLinkFileList-normal-arm64.txt -Xlinker -sectcreate -Xlinker __TEXT -Xlinker __entitlements -Xlinker /Users/tbdbatista/Library/Developer/Xcode/DerivedData/MeuExame-cfynohnsikcwggachnegwilppmaj/Build/Intermediates.noindex/MeuExame.build/Debug-iphonesimulator/MeuExame.build/MeuExame.app-Simulated.xcent -Xlinker -sectcreate -Xlinker __TEXT -Xlinker __ents_der -Xlinker /Users/tbdbatista/Library/Developer/Xcode/DerivedData/MeuExame-cfynohnsikcwggachnegwilppmaj/Build/Intermediates.noindex/MeuExame.build/Debug-iphonesimulator/MeuExame.build/MeuExame.app-Simulated.xcent.der /Users/tbdbatista/Library/Developer/Xcode/DerivedData/MeuExame-cfynohnsikcwggachnegwilppmaj/Build/Products/Debug-iphonesimulator/MeuExame.app/MeuExame.debug.dylib -Xlinker -no_adhoc_codesign -o /Users/tbdbatista/Library/Developer/Xcode/DerivedData/MeuExame-cfynohnsikcwggachnegwilppmaj/Build/Products/Debug-iphonesimulator/MeuExame.app/MeuExame

ExtractAppIntentsMetadata (in target 'MeuExame' from project 'MeuExame')
    cd /Users/tbdbatista/repositories/projetos-pucpr/meu-exame
    /Applications/Xcode.app/Contents/Developer/Toolchains/XcodeDefault.xctoolchain/usr/bin/appintentsmetadataprocessor --toolchain-dir /Applications/Xcode.app/Contents/Developer/Toolchains/XcodeDefault.xctoolchain --module-name MeuExame --sdk-root /Applications/Xcode.app/Contents/Developer/Platforms/iPhoneSimulator.platform/Developer/SDKs/iPhoneSimulator18.5.sdk --xcode-version 16F6 --platform-family iOS --deployment-target 15.0 --bundle-identifier com.meuexame.app --output /Users/tbdbatista/Library/Developer/Xcode/DerivedData/MeuExame-cfynohnsikcwggachnegwilppmaj/Build/Products/Debug-iphonesimulator/MeuExame.app --target-triple arm64-apple-ios15.0-simulator --binary-file /Users/tbdbatista/Library/Developer/Xcode/DerivedData/MeuExame-cfynohnsikcwggachnegwilppmaj/Build/Products/Debug-iphonesimulator/MeuExame.app/MeuExame --dependency-file /Users/tbdbatista/Library/Developer/Xcode/DerivedData/MeuExame-cfynohnsikcwggachnegwilppmaj/Build/Intermediates.noindex/MeuExame.build/Debug-iphonesimulator/MeuExame.build/Objects-normal/arm64/MeuExame_dependency_info.dat --stringsdata-file /Users/tbdbatista/Library/Developer/Xcode/DerivedData/MeuExame-cfynohnsikcwggachnegwilppmaj/Build/Intermediates.noindex/MeuExame.build/Debug-iphonesimulator/MeuExame.build/Objects-normal/arm64/ExtractedAppShortcutsMetadata.stringsdata --source-file-list /Users/tbdbatista/Library/Developer/Xcode/DerivedData/MeuExame-cfynohnsikcwggachnegwilppmaj/Build/Intermediates.noindex/MeuExame.build/Debug-iphonesimulator/MeuExame.build/Objects-normal/arm64/MeuExame.SwiftFileList --metadata-file-list /Users/tbdbatista/Library/Developer/Xcode/DerivedData/MeuExame-cfynohnsikcwggachnegwilppmaj/Build/Intermediates.noindex/MeuExame.build/Debug-iphonesimulator/MeuExame.build/MeuExame.DependencyMetadataFileList --static-metadata-file-list /Users/tbdbatista/Library/Developer/Xcode/DerivedData/MeuExame-cfynohnsikcwggachnegwilppmaj/Build/Intermediates.noindex/MeuExame.build/Debug-iphonesimulator/MeuExame.build/MeuExame.DependencyStaticMetadataFileList --swift-const-vals-list /Users/tbdbatista/Library/Developer/Xcode/DerivedData/MeuExame-cfynohnsikcwggachnegwilppmaj/Build/Intermediates.noindex/MeuExame.build/Debug-iphonesimulator/MeuExame.build/Objects-normal/arm64/MeuExame.SwiftConstValuesFileList --compile-time-extraction --deployment-aware-processing --validate-assistant-intents --no-app-shortcuts-localization
2025-11-11 23:34:57.886 appintentsmetadataprocessor[39223:14215671] Starting appintentsmetadataprocessor export
2025-11-11 23:34:57.890 appintentsmetadataprocessor[39223:14215671] warning: Metadata extraction skipped. No AppIntents.framework dependency found.

CopySwiftLibs /Users/tbdbatista/Library/Developer/Xcode/DerivedData/MeuExame-cfynohnsikcwggachnegwilppmaj/Build/Products/Debug-iphonesimulator/MeuExame.app (in target 'MeuExame' from project 'MeuExame')
    cd /Users/tbdbatista/repositories/projetos-pucpr/meu-exame
    builtin-swiftStdLibTool --copy --verbose --sign - --scan-executable /Users/tbdbatista/Library/Developer/Xcode/DerivedData/MeuExame-cfynohnsikcwggachnegwilppmaj/Build/Products/Debug-iphonesimulator/MeuExame.app/MeuExame.debug.dylib --scan-folder /Users/tbdbatista/Library/Developer/Xcode/DerivedData/MeuExame-cfynohnsikcwggachnegwilppmaj/Build/Products/Debug-iphonesimulator/MeuExame.app/Frameworks --scan-folder /Users/tbdbatista/Library/Developer/Xcode/DerivedData/MeuExame-cfynohnsikcwggachnegwilppmaj/Build/Products/Debug-iphonesimulator/MeuExame.app/PlugIns --scan-folder /Users/tbdbatista/Library/Developer/Xcode/DerivedData/MeuExame-cfynohnsikcwggachnegwilppmaj/Build/Products/Debug-iphonesimulator/MeuExame.app/SystemExtensions --scan-folder /Users/tbdbatista/Library/Developer/Xcode/DerivedData/MeuExame-cfynohnsikcwggachnegwilppmaj/Build/Products/Debug-iphonesimulator/MeuExame.app/Extensions --platform iphonesimulator --toolchain /Applications/Xcode.app/Contents/Developer/Toolchains/XcodeDefault.xctoolchain --destination /Users/tbdbatista/Library/Developer/Xcode/DerivedData/MeuExame-cfynohnsikcwggachnegwilppmaj/Build/Products/Debug-iphonesimulator/MeuExame.app/Frameworks --strip-bitcode --strip-bitcode-tool /Applications/Xcode.app/Contents/Developer/Toolchains/XcodeDefault.xctoolchain/usr/bin/bitcode_strip --emit-dependency-info /Users/tbdbatista/Library/Developer/Xcode/DerivedData/MeuExame-cfynohnsikcwggachnegwilppmaj/Build/Intermediates.noindex/MeuExame.build/Debug-iphonesimulator/MeuExame.build/SwiftStdLibToolInputDependencies.dep --filter-for-swift-os

CodeSign /Users/tbdbatista/Library/Developer/Xcode/DerivedData/MeuExame-cfynohnsikcwggachnegwilppmaj/Build/Products/Debug-iphonesimulator/MeuExame.app/MeuExame.debug.dylib (in target 'MeuExame' from project 'MeuExame')
    cd /Users/tbdbatista/repositories/projetos-pucpr/meu-exame
    
    Signing Identity:     "Sign to Run Locally"
    
    /usr/bin/codesign --force --sign - --timestamp\=none --generate-entitlement-der /Users/tbdbatista/Library/Developer/Xcode/DerivedData/MeuExame-cfynohnsikcwggachnegwilppmaj/Build/Products/Debug-iphonesimulator/MeuExame.app/MeuExame.debug.dylib

CodeSign /Users/tbdbatista/Library/Developer/Xcode/DerivedData/MeuExame-cfynohnsikcwggachnegwilppmaj/Build/Products/Debug-iphonesimulator/MeuExame.app (in target 'MeuExame' from project 'MeuExame')
    cd /Users/tbdbatista/repositories/projetos-pucpr/meu-exame
    
    Signing Identity:     "Sign to Run Locally"
    
    /usr/bin/codesign --force --sign - --timestamp\=none --generate-entitlement-der /Users/tbdbatista/Library/Developer/Xcode/DerivedData/MeuExame-cfynohnsikcwggachnegwilppmaj/Build/Products/Debug-iphonesimulator/MeuExame.app

Validate /Users/tbdbatista/Library/Developer/Xcode/DerivedData/MeuExame-cfynohnsikcwggachnegwilppmaj/Build/Products/Debug-iphonesimulator/MeuExame.app (in target 'MeuExame' from project 'MeuExame')
    cd /Users/tbdbatista/repositories/projetos-pucpr/meu-exame
    builtin-validationUtility /Users/tbdbatista/Library/Developer/Xcode/DerivedData/MeuExame-cfynohnsikcwggachnegwilppmaj/Build/Products/Debug-iphonesimulator/MeuExame.app -infoplist-subpath Info.plist

** BUILD SUCCEEDED **

